// Jest Snapshot v1, https://goo.gl/fbAQLP

exports[`<AddToCart /> renders and matched snapshot 1`] = `
<div>
  <button
    type="button"
  >
    Add
     To Cart
  </button>
</div>
`;
